[2026-05-25 08:33:16] [PyramidStrategy] [INFO] 💰 복리풀 잔액: 0원
[2026-05-25 08:33:16] [LabDB] [INFO] [LabDB] DB 초기화 완료: /home/user/webapp/stock_trader/strategy_lab/../data/lab.db
[2026-05-25 08:33:16] [StrategyLab] [INFO] [StrategyLab] 초기화: 15개 실험 전략 포트폴리오 생성
[2026-05-25 08:33:16] [StrategyLab] [INFO] [StrategyLab] 상태 로드 완료
[2026-05-25 08:33:16] [Dashboard] [INFO] [App] StrategyLabEngine 초기화 완료
Werkzeug appears to be used in a production deployment. Consider switching to a production web server instead.
============================================================
  📈 주식 자동매매 시스템
  🌐 http://0.0.0.0:5000
============================================================
 * Serving Flask app 'app'
 * Debug mode: off
Address already in use
Port 5000 is in use by another program. Either identify and stop that program, or start the server with a different port.
[2026-05-25 08:41:02] [PyramidStrategy] [INFO] 💰 복리풀 잔액: 0원
[2026-05-25 08:41:02] [LabDB] [INFO] [LabDB] DB 초기화 완료: /home/user/webapp/stock_trader/strategy_lab/../data/lab.db
[2026-05-25 08:41:02] [StrategyLab] [INFO] [StrategyLab] 초기화: 15개 실험 전략 포트폴리오 생성
[2026-05-25 08:41:02] [StrategyLab] [INFO] [StrategyLab] 상태 로드 완료
[2026-05-25 08:41:02] [Dashboard] [INFO] [App] StrategyLabEngine 초기화 완료
Werkzeug appears to be used in a production deployment. Consider switching to a production web server instead.
============================================================
  📈 주식 자동매매 시스템
  🌐 http://0.0.0.0:5000
============================================================
 * Serving Flask app 'app'
 * Debug mode: off
Address already in use
Port 5000 is in use by another program. Either identify and stop that program, or start the server with a different port.
